S: 2
n: 11
o: 11
w: 4
f: 3
l: 7
a: 10
k: 1
e: 9
s: 5
 : 17
i: 3
g: 1
O: 1
b: 2
y: 3
,: 4
T: 1
m: 4
t: 3
p: 1
A: 1
d: 4
h: 2
v: 1
u: 3
.: 2
B: 1
C: 1
c: 1
