1: 12
,: 19
 : 52
2: 3
-: 13
B: 1
u: 3
c: 6
k: 5
l: 3
e: 11
m: 2
y: 3
s: 7
h: 8
o: 5
3: 2
4: 2
K: 1
n: 8
a: 12
t: 12
d: 7
r: 3
5: 2
6: 2
P: 1
i: 13
p: 2
7: 2
8: 2
L: 1
g: 5
9: 2
0: 2
A: 1
b: 1
f: 1
D: 1
v: 2
M: 3
w: 1
I: 2
!: 1
