H: 1
e: 1
l: 3
o: 2
,: 1
 : 1
W: 1
r: 1
d: 1
!: 3
