 : 236
i: 25
f: 13
(: 15
d: 6
[: 10
1: 6
]: 10
=: 6
o: 7
p: 8
e: 23
n: 16
a: 8
r: 19
g: 1
v: 1
2: 2
,: 9
O: 2
_: 1
W: 1
R: 1
N: 1
L: 1
Y: 1
): 15
<: 2
0: 6
{: 5
t: 15
": 8
C: 2
\: 5
': 2
u: 7
l: 6
;: 14
x: 3
-: 3
}: 5
c: 10
h: 4
s: 17
m: 1
S: 1
z: 5
+: 4
%: 4
:: 1
w: 2
!: 1
